// Jest Snapshot v1, https://goo.gl/fbAQLP

exports[`Navbar Component renders correctly 1`] = `
Array [
  " ",
  <nav
    className="navbar navbar-expand-lg px-4 position-fixed"
  >
    <img
      alt="tvshowlogo"
      src="navlogo.png"
      style={
        Object {
          "height": "35px",
          "width": "35px",
        }
      }
    />
    <h5
      className="ml-3 text-white"
    >
      TVWORLD
    </h5>
    <button
      aria-controls="navbarSupportedContent"
      aria-expanded="false"
      aria-label="Toggle navigation"
      className="navbar-toggler"
      data-target="#navbarSupportedContent"
      data-toggle="collapse"
      type="button"
    >
      <i
        className="fas fa-bars text-light"
      />
    </button>
    <div
      className="collapse navbar-collapse"
      id="navbarSupportedContent"
    >
      <ul
        className="navbar-nav m-auto text-center"
      >
        <li
          className="nav-item active mr-2"
        >
          <a
            className="nav-link text-white"
            href="/home"
            onClick={[Function]}
          >
            <i
              className="fas fa-home mr-1"
            />
            Home
          </a>
        </li>
        <li
          className="nav-item mr-2"
        >
          <a
            className="nav-link text-white"
            href="/shows"
            onClick={[Function]}
          >
            <i
              className="fas fa-tv mr-1"
            />
            TV shows
          </a>
        </li>
        <li
          className="nav-item"
        >
          <a
            className="nav-link text-white"
            href="/about"
            onClick={[Function]}
          >
            <i
              className="fas fa-info-circle mr-1"
            />
            About
          </a>
        </li>
      </ul>
    </div>
  </nav>,
  " ",
]
`;
